2026-02-10 19:34:27 INFO  com.zaxxer.hikari.HikariDataSource - HikariPool-1 - Starting...
2026-02-10 19:34:27 INFO  com.zaxxer.hikari.pool.HikariPool - HikariPool-1 - Added connection com.mysql.cj.jdbc.ConnectionImpl@5b875282
2026-02-10 19:34:27 INFO  com.zaxxer.hikari.HikariDataSource - HikariPool-1 - Start completed.
2026-02-10 19:38:48 INFO  com.zaxxer.hikari.HikariDataSource - HikariPool-1 - Shutdown initiated...
2026-02-10 19:38:48 INFO  com.zaxxer.hikari.HikariDataSource - HikariPool-1 - Shutdown completed.
2026-02-10 19:38:48 INFO  com.zaxxer.hikari.HikariDataSource - HikariPool-2 - Starting...
2026-02-10 19:38:48 INFO  com.zaxxer.hikari.pool.HikariPool - HikariPool-2 - Added connection com.mysql.cj.jdbc.ConnectionImpl@4589b76b
2026-02-10 19:38:48 INFO  com.zaxxer.hikari.HikariDataSource - HikariPool-2 - Start completed.
2026-02-10 19:39:33 INFO  com.zaxxer.hikari.HikariDataSource - HikariPool-2 - Shutdown initiated...
2026-02-10 19:39:33 INFO  com.zaxxer.hikari.HikariDataSource - HikariPool-2 - Shutdown completed.
2026-02-10 19:39:34 INFO  com.zaxxer.hikari.HikariDataSource - HikariPool-3 - Starting...
2026-02-10 19:39:34 INFO  com.zaxxer.hikari.pool.HikariPool - HikariPool-3 - Added connection com.mysql.cj.jdbc.ConnectionImpl@2fa5f88e
2026-02-10 19:39:34 INFO  com.zaxxer.hikari.HikariDataSource - HikariPool-3 - Start completed.
2026-02-10 19:40:26 INFO  com.zaxxer.hikari.HikariDataSource - HikariPool-3 - Shutdown initiated...
2026-02-10 19:40:26 INFO  com.zaxxer.hikari.HikariDataSource - HikariPool-3 - Shutdown completed.
2026-02-10 19:40:27 INFO  com.zaxxer.hikari.HikariDataSource - HikariPool-4 - Starting...
2026-02-10 19:40:27 INFO  com.zaxxer.hikari.pool.HikariPool - HikariPool-4 - Added connection com.mysql.cj.jdbc.ConnectionImpl@5f106837
2026-02-10 19:40:27 INFO  com.zaxxer.hikari.HikariDataSource - HikariPool-4 - Start completed.
2026-02-10 19:40:50 INFO  com.zaxxer.hikari.HikariDataSource - HikariPool-4 - Shutdown initiated...
2026-02-10 19:40:50 INFO  com.zaxxer.hikari.HikariDataSource - HikariPool-4 - Shutdown completed.
